[]
[]
[]
[proc, _start, 0, 0, [[local, 7, 0], [mov_imm, 2, 0], [mov_imm, 4, 0], [mov_imm, 5, 20], [ycall, 6, outer, [5]], [untag, 7, 6], [syscall, 0, 60, [7]]], _start]
[proc, f, 0, 0, [], f]
[proc, f, 0, 0, [[local, 4, 0, 1], [label, $tco], [strlit, 2, f], [fcall, 3, yac_prof_enter, [2]], [mov_imm, 1, 2], [fcall, 3, yac_prof_leave, []], [ret, 1]], f]
[proc, outer, 1, 0, [], outer]
[proc, inner, 1, 1, [], inner]
[proc, inner, 1, 1, [[local, 5, 1, 1], [label, $tco], [strlit, 3, inner], [fcall, 4, yac_prof_enter, [3]], [fcall, 2, yac_num_add, [[cap, 0], 1]], [fcall, 4, yac_prof_leave, []], [ret, 2]], inner]
[proc, outer, 1, 0, [[local, 7, 1, 1], [label, $tco], [strlit, 5, outer], [fcall, 6, yac_prof_enter, [5]], [mov_imm, 2, 14], [closure, 3, inner, [2]], [apply, 4, 3, 1, [1]], [fcall, 6, yac_prof_leave, []], [ret, 4]], outer]
