[[mov_imm, 2, 0]]
[[mov_imm, 2, 0], [mov_imm, 4, 0]]
[[mov_imm, 2, 0], [mov_imm, 4, 0], [mov_imm, 5, 20], [fcall, 6, outer, [5]]]
[proc, _start, 0, 0, [[local, 7, 0], [mov_imm, 2, 0], [mov_imm, 4, 0], [mov_imm, 5, 20], [fcall, 6, outer, [5]], [untag, 7, 6], [syscall, 0, 60, [7]]], _start]
[proc, f, 0, 0, [], f]
[proc, f, 0, 0, [[local, 4, 0], [label, $tco], [strlit, 2, f], [fcall, 3, yac_prof_enter, [2]], [mov_imm, 1, 2], [fcall, 3, yac_prof_leave, []], [ret, 1]], f]
[proc, outer, 1, 0, [], outer]
[proc, inner, 2, 1, [], inner]
[proc, inner, 2, 1, [[local, 6, 2], [label, $tco], [strlit, 4, inner], [fcall, 5, yac_prof_enter, [4]], [fcall, 3, yac_num_add, [1, 2]], [fcall, 5, yac_prof_leave, []], [ret, 3]], inner]
[proc, outer, 1, 0, [[local, 7, 1], [label, $tco], [strlit, 5, outer], [fcall, 6, yac_prof_enter, [5]], [mov_imm, 2, 14], [closure, 3, inner, [2]], [apply, 4, 3, 1, [1]], [fcall, 6, yac_prof_leave, []], [ret, 4]], outer]
